// Jest Snapshot v1, https://goo.gl/fbAQLP

exports[`Navbar component renders a .Navbar by default 1`] = `
<Fragment>
  <nav
    role="navigation"
  >
    <div>
      <h1>
        FV
      </h1>
    </div>
    <ul>
      <li>
        <button
          id="myBtn"
        >
          Sign up / Log in
        </button>
      </li>
      <li>
        <Button
          className="Navbar_tour-button"
          tag={[Function]}
          to="/userlanding"
          type="button"
        >
          Demo
        </Button>
      </li>
    </ul>
  </nav>
</Fragment>
`;
