// Jest Snapshot v1, https://goo.gl/fbAQLP

exports[`Footer component renders a .Footer by default 1`] = `
<Fragment>
  <footer
    className="footer"
  >
    <ul
      className="footer_listitems"
    >
      <li>
        <Link
          className="footer_listitems"
          to="/about"
        >
          About
        </Link>
      </li>
      <li>
        <Link
          className="footer_listitems"
          to="/terms"
        >
          Terms of Use
        </Link>
      </li>
    </ul>
  </footer>
</Fragment>
`;
