// Jest Snapshot v1, https://goo.gl/fbAQLP

exports[`LandingPage component renders a .LandingPage by default 1`] = `
<div>
  <section
    className="bgimg-1"
  >
    <article
      className="caption"
    >
      <span
        className="border LandingPage__title"
      >
        Family Vault 
      </span>
      <a
        className="chevron grow"
        href="#header"
      >
        <FontAwesomeIcon
          border={false}
          className=""
          fixedWidth={false}
          flip={null}
          icon="chevron-down"
          inverse={false}
          listItem={false}
          mask={null}
          pull={null}
          pulse={false}
          rotation={null}
          size="3x"
          spin={false}
          symbol={false}
          title=""
          transform={null}
        />
      </a>
    </article>
  </section>
  <header
    className="LandingPage-header"
    id="header"
    role="banner"
  >
    <article
      className="article_wrapper"
    >
      <h2>
        Forever capture your family's precious moments through thoughts, letters, audio, images, and videos.
      </h2>
      <button
        className="Button red"
        onClick={[Function]}
      >
        Get Started
      </button>
    </article>
  </header>
  <section
    className="bgimg-2 section-2"
  >
    <article
      className="article_wrapper"
    >
      <h2>
        Never miss another moment
      </h2>
      <ul>
        <li>
          Use audio notes to capture the moments and memories
        </li>
        <li>
          Attach images or videos
        </li>
        <li>
          Write letters to deliver in the future
        </li>
      </ul>
    </article>
  </section>
  <section
    className="container__section"
  >
    <article
      className="article_wrapper"
    >
      <h2>
        How it works
      </h2>
      <ul
        className="LandingPage-ul"
      >
        <li
          className="LandingPage-li"
        >
          <div>
            <FontAwesomeIcon
              border={false}
              className=""
              fixedWidth={false}
              flip={null}
              icon="archive"
              inverse={false}
              listItem={false}
              mask={null}
              pull={null}
              pulse={false}
              rotation={null}
              size="2x"
              spin={false}
              symbol={false}
              title=""
              transform={null}
            />
            <p>
              Create a vault
            </p>
          </div>
        </li>
        <li
          className="LandingPage-li"
        >
          <div>
            <FontAwesomeIcon
              border={false}
              className=""
              fixedWidth={false}
              flip={null}
              icon="user-friends"
              inverse={false}
              listItem={false}
              mask={null}
              pull={null}
              pulse={false}
              rotation={null}
              size="2x"
              spin={false}
              symbol={false}
              title=""
              transform={null}
            />
            <p>
              Add in your recipients
            </p>
          </div>
        </li>
        <li
          className="LandingPage-li"
        >
          <div>
            <FontAwesomeIcon
              border={false}
              className=""
              fixedWidth={false}
              flip={null}
              icon="photo-video"
              inverse={false}
              listItem={false}
              mask={null}
              pull={null}
              pulse={false}
              rotation={null}
              size="2x"
              spin={false}
              symbol={false}
              title=""
              transform={null}
            />
            <p>
              Add memories of audio or text notes, images, videos, letters, or recordings and attach to your recipient
            </p>
          </div>
        </li>
        <li
          className="LandingPage-li"
        >
          <div>
            <FontAwesomeIcon
              border={false}
              className=""
              fixedWidth={false}
              flip={null}
              icon="hand-holding-heart"
              inverse={false}
              listItem={false}
              mask={null}
              pull={null}
              pulse={false}
              rotation={null}
              size="2x"
              spin={false}
              symbol={false}
              title=""
              transform={null}
            />
            <p>
              Share with others or add collaborators
            </p>
          </div>
        </li>
        <li
          className="LandingPage-li"
        >
          <div>
            <FontAwesomeIcon
              border={false}
              className=""
              fixedWidth={false}
              flip={null}
              icon="calendar-alt"
              inverse={false}
              listItem={false}
              mask={null}
              pull={null}
              pulse={false}
              rotation={null}
              size="2x"
              spin={false}
              symbol={false}
              title=""
              transform={null}
            />
            <p>
              Determine when to reveal content with your family
            </p>
          </div>
        </li>
      </ul>
    </article>
  </section>
  <section
    className="bgimg-3"
  >
    <article
      className="article_wrapper"
    >
      <h2>
        Why Family Vault?
      </h2>
      <ul>
        <li>
          Easy to create and share only what you want
        </li>
        <li>
          Be the CEO - privately own and operate
        </li>
        <li>
          Multimedia memories to give to your children
        </li>
        <li>
          Secure and Unlimited data
        </li>
      </ul>
    </article>
  </section>
  <section
    className="container__section"
  >
    <article
      className="article_wrapper"
    >
      <h2>
        Capture it all!
      </h2>
    </article>
  </section>
  <section
    className="bgimg-4"
  >
    <article
      className="article_wrapper"
    >
      <h2
        className="LandingPage__title"
      >
        Family Vault
      </h2>
      <h3>
        Forever cherish your family's precious moments!
      </h3>
    </article>
  </section>
</div>
`;
